✔ bounded canonical projection exposes active task, binding and exact event evidence without raw secrets (98.4134ms)
✔ overflow and missing history remain visible; fresh snapshot reflects canonical state, not cached truth (45.0641ms)
✔ slow/disconnected observation never gates real canonical task persistence (315.8288ms)
✔ real API claim/report projection follows persisted lifecycle and cannot execute commands (65.8944ms)
✔ stalled HTTP monitor request and broken reader leave independent create/cancel requests working (48.4995ms)
✔ invalid limits cannot create unbounded queries, single flight and unknown populations stay honest (29.0575ms)
✔ deleted historical prefix and tail cannot be reported as complete history (42.0275ms)
✔ Gateway shares outstanding observation and retains stale last view on later source failure (34.1096ms)
✔ Alien: completed work does not imply an offline host is holding executable work or current retry/wait (23.0493ms)
✔ Alien: missing coverage metadata cannot yield a calm graph (0.6289ms)
✔ Alien: collapsed normal work stays collapsed in actual rendered overview, with stable visible order (4.0962ms)
✔ Alien: a path preserves observed event provenance and explicitly unknown timing (0.8403ms)
✔ Alien: a failure points to its matching transition, not an unrelated later event (0.3167ms)
✔ Alien browser: offline invalidates a delayed monitor response (1745.7256ms)
✔ Alien browser: an old credential response cannot replace the new scope or another page (937.9985ms)
✔ Alien browser: a newer canonical snapshot arriving during a fetch receives a follow-up projection (1025.8151ms)
✔ Alien browser: heartbeat-only refresh preserves visible row identity (1187.0345ms)
✔ Alien browser: assignment path reaches real canonical event in three interactions (1449.0696ms)
✔ Alien browser: cluster expands, edge filter is reachable and evidence opens exact canonical reference (1945.2102ms)
✔ MON-902 graph: every risk level is one of the declared vocabulary and never a boolean (20.097ms)
✔ MON-902 graph: a failed task and an offline device holding work are ACTIVE risks that reach the summary (1.3675ms)
✔ MON-902 graph: an offline device with no work assigned is a WATCH, not an incident (0.2728ms)
✔ MON-902 graph: absence of retries is NOT claimed from a truncated event window (0.695ms)
✔ MON-902 graph: repeated hand-off refusals for one task become one ACTIVE risk with its count (0.5873ms)
✔ MON-902 graph: a task waiting on a device is a WATCH until that device reports ready (0.3615ms)
✔ MON-902 graph: a monitor that cannot see must not look calm (0.6273ms)
✔ MON-902 graph: a path pointing at an absent device is reported as a causality gap (0.3649ms)
✔ MON-902 graph: the edge filter removes types from the picture and never invents others (0.3544ms)
✔ MON-902 graph: a large city collapses unremarkable work but never collapses an active risk (2.0925ms)
✔ MON-902 graph: the layout does not reshuffle because an event arrived (0.5445ms)
✔ MON-902 graph: the interaction budget from overview to a risk is stated and small (0.3083ms)
✔ MON-902 graph: owner-required state is reported as observable or explicitly not observable, never as none (0.3178ms)
✔ MON-902 graph: an invalid view is refused rather than projected into a comfortable empty city (0.6217ms)
✔ MON-902 panel: an active risk is visible on the overview without opening anything (4.0635ms)
✔ MON-902 panel: raw projection vocabulary does not render outside the disclosure (20.4959ms)
✔ MON-902 panel: a calm banner is never printed over a city the projection cannot see (1.0864ms)
✔ MON-902 panel: a collapsed cluster still reports the risk it contains (2.4754ms)
✔ MON-902 panel: the node inspector answers what, why, who and what-next, and keeps the exact reference (2.2984ms)
✔ MON-902 panel: a path with no stated cause is shown as unexplained, not as fine (0.8557ms)
✔ MON-902 panel: a stale selection says so instead of rendering an empty panel (0.3164ms)
✔ MON-902 panel: ids and labels from the city are escaped in text and attribute positions (0.9537ms)
✔ MON-902 panel: every word the surface uses exists in both locale packs, including every risk code (3.4418ms)
✔ MON-902 panel: the shell exposes the page and fetches the real route (2.1055ms)
✔ MON-902 panel: the page is wired to the real gateway projection route end to end (155.173ms)
ℹ tests 44
ℹ suites 0
ℹ pass 44
ℹ fail 0
ℹ cancelled 0
ℹ skipped 0
ℹ todo 0
ℹ duration_ms 12490.2288
