✔ bounded canonical projection exposes active task, binding and exact event evidence without raw secrets (87.5971ms)
✔ overflow and missing history remain visible; fresh snapshot reflects canonical state, not cached truth (37.7544ms)
✔ slow/disconnected observation never gates real canonical task persistence (34.7133ms)
✔ real API claim/report projection follows persisted lifecycle and cannot execute commands (54.9833ms)
✔ stalled HTTP monitor request and broken reader leave independent create/cancel requests working (36.7671ms)
✔ invalid limits cannot create unbounded queries, single flight and unknown populations stay honest (27.9495ms)
✔ deleted historical prefix and tail cannot be reported as complete history (30.8925ms)
✔ Gateway shares outstanding observation and retains stale last view on later source failure (31.8258ms)
✔ Alien: model OWNER_REQUIRED is an escalation, not auto-resolution (12.9732ms)
✔ Alien: canonical observation cannot enqueue decisions after bounded close (2.1492ms)
✔ Alien: retention restart preserves the newest decisions, not UUID lexical order (21.8401ms)
✔ Alien: queue overflow retains canonical evidence and reports failed receipt persistence (1764.7401ms)
✔ Alien: canonical present-but-ineligible target is escalated, not described as recovering offline (15.5198ms)
✔ Alien: a timeout remains measurable when the critic subsequently resolves (31.3898ms)
✔ Alien Gateway: an online ineligible strict target produces an Owner decision with real event evidence (79.2415ms)
✔ Alien browser: polling preserves opened provenance and successful retry clears an old error (873.6597ms)
✔ Alien browser: unavailable decision persistence is visible even before any write failure (1028.699ms)
✔ Alien browser: frequent City rendering cannot starve bounded decision polling (3736.7027ms)
✔ MON903 route: a canonical failure becomes a decision receipt with canonical provenance, and the task itself is untouched (113.5087ms)
✔ MON903 route: ordinary City activity produces no decisions at all (166.9247ms)
✔ MON903 route: reading is authenticated, asking for a decision is the owner's, and refusals are typed (107.9495ms)
✔ MON903 route: an explicitly submitted owner-boundary trigger is recorded as owner-required and applied by nobody (56.4152ms)
✔ MON903 route: a decision for one task never blocks another task, and the projection carries both (177.4098ms)
✔ MON903 triggers: only the named canonical events enter the decision path, and ordinary reports do not (32.8853ms)
✔ MON903 ladder: a deterministic rule resolves first and the model is never consulted for it (29.3431ms)
✔ MON903 owner boundary: scope, merge, review and owner-candidate triggers escalate WITHOUT any resolver being asked (15.5117ms)
✔ MON903 fallback: a hanging, throwing or free-text resolver becomes a bounded fallback, never an authority (157.8259ms)
✔ MON903 queues: decisions are per-task, parallel across tasks, bounded per task, and never a global barrier (587.677ms)
✔ MON903 receipts: bounded contract, provenance, measured post-state, and no applied action anywhere (17.0827ms)
✔ MON903 store: an unusable receipt store degrades the overlay and never prevents the City from starting (finding M-1) (11.7466ms)
✔ MON903 store: the City itself starts and serves decisions when the decision store is unusable (finding M-1, City level) (121.3882ms)
✔ MON903 isolation: a reader that throws, a broken receipt file and a failing receipt write cannot break the caller (20.6535ms)
✔ MON903 close: a closed overlay refuses a trigger with its OWN code, not by blaming the trigger (2.7066ms)
✔ MON903 rules: the deterministic layer answers each kind from canonical facts, and invents no default (0.4406ms)
✔ MON903 web: the owner sees the decision the City recorded, its provenance, and that nobody applied it (6068.4339ms)
✔ MON903 web: an enrolled member may read what the City decided, and is told who can ask for one (1225.8475ms)
✔ MON903 sweep L1: the bounded failure log reports that it dropped entries, not just the last 16 (88.5131ms)
✔ MON903 sweep L3: a rejected (queue-full) decision does not publish an unmeasured latency of 0 (23.8733ms)
✔ MON903 sweep L1: metrics() discloses that its rates are computed over a truncated window (65.8675ms)
✔ MON903 sweep L1: the published window says what it is a window OVER (76.7953ms)
✔ MON903 sweep positive control: a well-formed decision is still recorded, receipted and measured (63.0238ms)
✔ MON903 sweep L4: the surface renders a decision with NO measured latency as not-measured, not as a number (925.0391ms)
✔ Research: reconnecting the same credential and City preserves its draft (1664.9669ms)
✔ Services: an old invocation cannot mark a new editor busy or clear its newer invocation (1133.2056ms)
✔ Windows history loads detail explicitly, retains it across snapshots and fences late selections (2439.0728ms)
✔ Windows Services invokes real document, knowledge, skill, evidence and theme adapters (4092.4542ms)
ℹ tests 46
ℹ suites 0
ℹ pass 46
ℹ fail 0
ℹ cancelled 0
ℹ skipped 0
ℹ todo 0
ℹ duration_ms 16619.2372
