✔ Alien independently constructs all workbook negative cases and restart seed consistency (298.2222ms)
✔ a manifest with only a movable branch must not pass exact software provenance validation (88.1925ms)
✔ two equal host references are one physical host, not a TWO_HOST_MESH (80.147ms)
✔ an experiment can be listed, validated, registered, inspected, seeded — without ever being run (231.7886ms)
✔ the research routes require the control credential: a worker cannot certify the experiment it runs (89.1609ms)
✔ an invalid manifest is refused with every issue at once, and the rejection is stored as evidence (98.8585ms)
✔ manifests survive a gateway restart, and a broken file is reported instead of silently dropped (148.6512ms)
✔ the registry itself refuses task-domain keys and never offers an update (3.5931ms)
✔ Web Research discovers imports validates registers and inspects canonical experiments without running (3092.0659ms)
✔ a failed list refresh cannot hide a successful canonical registration (3499.8685ms)
✔ REX802 a delayed response cannot remove offline guidance or replace another page (1545.982ms)
✔ REX802 rolled-back canonical events never enter the trace (93.8952ms)
✔ REX802 member Web surface exposes explicit owner-required guidance (1765.8766ms)
✔ REX802 records only supplied resource samples, preserves zero and declared source time (120.1367ms)
✔ REX802 real Gateway records task references and Web Advanced exposes recording/provenance without secrets (2038.4107ms)
✔ REX802 failing collector cannot break real Gateway task/health and reports partial failure (136.3604ms)
Error: CONTROLLED_COMMIT_FAILURE
    at file:///D:/Utopia-REX803-Review/tests/rex802-gateway.test.mjs:4:360
    at Store.atomic (file:///D:/Utopia-REX803-Review/services/dev-gateway/store.mjs:59:62)
    at app.store.atomic (file:///D:/Utopia-REX803-Review/tests/rex802-gateway.test.mjs:4:337)
    at atomicWithTrace (file:///D:/Utopia-REX803-Review/services/dev-gateway/server.mjs:187:93)
    at createCityTask (file:///D:/Utopia-REX803-Review/services/dev-gateway/server.mjs:462:12)
    at Server.<anonymous> (file:///D:/Utopia-REX803-Review/services/dev-gateway/server.mjs:1003:13)
    at process.processTicksAndRejections (node:internal/process/task_queues:104:5)
✔ REX802 external resource clocks cannot change canonical sequence time ordering (8.7289ms)
✔ REX802 broken observation clock remains a contained failure (0.7967ms)
✔ REX802 rejects an oversized existing file before rotating or modifying it (27.0792ms)
✔ REX802 rotation remains explicit after restart and restores bounded previous records (67.3542ms)
✔ REX802 pure normalization binds clocks/provenance and retains unknown metrics (1.8909ms)
✔ REX802 canonical tap drops arbitrary payload and credentials; explicit measured zero remains zero (0.4626ms)
✔ REX802 recognizes missing, duplicate, reordered and stale timestamp observations (1.4346ms)
✔ REX802 storage raw-to-normalized replay is reproducible and restart starts new epoch (28.7449ms)
✔ REX802 collector failures and queue bounds are explicit without throwing into callers (3.7602ms)
✔ REX802 hung storage is bounded; queue drop and close do not block indefinitely (72.3539ms)
✔ REX802 early capture waits for restored watermark before normalization (14.5156ms)
✔ REX802 supports rule lifecycle, supervision quality and semantic integration without invented defaults (1.1922ms)
✔ REX803 adversarial R-1: a blocked receipt store degrades the campaign surface instead of failing it (555.8203ms)
✔ REX803 adversarial R-2: a canonical task cancelled from outside the campaign is CANCELLED, not FAILED (194.7309ms)
✔ REX803 Alien: malformed interrupted state degrades instead of preventing construction (11.8372ms)
✔ REX803 Alien: resume cannot rename the scenario while executing the old campaign (4.724ms)
✔ REX803 Alien: a timed-out run keeps its own cleanup scope after the next run begins (107.2091ms)
✔ REX803 Alien: contradictory run measurement cannot manufacture an early successful stop (3.9561ms)
✔ REX803 campaigns: every repetition is a real canonical task, and the receipt accounts for all of them (603.5231ms)
✔ REX803 campaigns: the surface is owner-only, and every refusal is typed (287.0162ms)
✔ REX803 campaigns: the topology gate is measured against live refs, and its refusal states what was missing (101.9587ms)
✔ REX803 campaigns: stopping cancels the canonical task the run had already created (211.1684ms)
✔ REX803 web: the owner runs a real campaign and every repetition without a measurement shows its reason (4064.4291ms)
✔ REX803 web: a member is told the campaign surface is the owner's, and is offered no controls (1396.8217ms)
✔ critic: unavailable topology on resume preserves original unfinished campaign (265.6734ms)
✔ critic: resume readiness checks persisted execution context (3.6132ms)
✔ critic: malformed persisted bounds cannot bypass resumed repetition and timeout limits (3.3582ms)
✔ critic: bounded close uses elapsed wall time with frozen research clock (53.5529ms)
✔ REX803 seeds: a run seed is a pure function of the campaign seed and the index (0.9962ms)
✔ REX803 campaign: N repetitions yield exactly N measured outcomes, and warmup is run but never measured (66.0844ms)
✔ REX803 campaign: a timeout and a failure are absences WITH reasons, never silent gaps (90.5019ms)
✔ REX803 campaign: stopping cancels the runs that never happened, each with the operator reason (46.3158ms)
✔ REX803 campaign: an unfinished campaign is refused unless resuming is asked for explicitly (96.2366ms)
✔ REX803 campaign: unknown scenarios, bad repetitions, a busy runner and an unready topology are typed refusals (31.2854ms)
✔ REX803 stop: the cleanups a run registered are fired, so a stop reaches the work and not only the bookkeeping (78.7165ms)
✔ REX803 timeout: a run that never answers is torn down, and its cleanup failure is stated rather than hidden (110.2499ms)
✔ REX803 restart: a campaign left RUNNING by a dead process is recovered as INTERRUPTED, named, and optionally resumed (15.4982ms)
✔ REX803 resume: abandoning an unfinished campaign is an explicit act, and it is recorded on the replacement (29.5273ms)
✔ REX803 limits: declared stop conditions end the campaign early, and every unrun repetition is SKIPPED with that reason (186.3265ms)
✔ REX803 receipts: a finished campaign is filed once and the next campaign cannot overwrite it (46.7487ms)
✔ REX803 L6: the receipt list is ordered by AGE, not by a random identifier in the filename (9.9138ms)
✔ REX803 L1b: the receipt list says how many campaigns exist beyond the bound (7.5714ms)
✔ REX803 L7: a runner that has been closed refuses new work instead of starting a campaign (1.8002ms)
✔ REX803 positive control: a normal campaign still plans, measures and files exactly once (60.6135ms)
✔ REX803 rehearsal: with TWO workers every repetition is TARGETED by its derived seed, not left to claim order (635.6385ms)
✔ REX803 rehearsal: the observed assignment equals the declared rule, and both workers are used (461.8804ms)
ℹ tests 62
ℹ suites 0
ℹ pass 62
ℹ fail 0
ℹ cancelled 0
ℹ skipped 0
ℹ todo 0
ℹ duration_ms 18303.0585
