✖ REX803 Alien: malformed interrupted state degrades instead of preventing construction (6.868ms)
✖ REX803 Alien: resume cannot rename the scenario while executing the old campaign (21.9019ms)
✖ REX803 Alien: a timed-out run keeps its own cleanup scope after the next run begins (124.391ms)
ℹ tests 3
ℹ suites 0
ℹ pass 0
ℹ fail 3
ℹ cancelled 0
ℹ skipped 0
ℹ todo 0
ℹ duration_ms 1175.4019

✖ failing tests:

test at tests\rex803-alien-review.test.mjs:10:1
✖ REX803 Alien: malformed interrupted state degrades instead of preventing construction (6.868ms)
  AssertionError [ERR_ASSERTION]: Got unwanted exception.
  Actual message: "Cannot read properties of undefined (reading 'length')"
      at TestContext.<anonymous> (file:///D:/Utopia-REX803-Review/tests/rex803-alien-review.test.mjs:14:22)
      at async Test.run (node:internal/test_runner/test:1389:7)
      at async startSubtestAfterBootstrap (node:internal/test_runner/harness:387:3) {
    generatedMessage: false,
    code: 'ERR_ASSERTION',
    actual: TypeError: Cannot read properties of undefined (reading 'length')
        at recover (file:///D:/Utopia-REX803-Review/services/dev-gateway/scenario-runner.mjs:249:33)
        at createScenarioRunner (file:///D:/Utopia-REX803-Review/services/dev-gateway/scenario-runner.mjs:272:3)
        at make (file:///D:/Utopia-REX803-Review/tests/rex803-alien-review.test.mjs:8:30)
        at file:///D:/Utopia-REX803-Review/tests/rex803-alien-review.test.mjs:14:47
        at getActual (node:assert:611:5)
        at strict.doesNotThrow (node:assert:779:32)
        at TestContext.<anonymous> (file:///D:/Utopia-REX803-Review/tests/rex803-alien-review.test.mjs:14:22)
        at async Test.run (node:internal/test_runner/test:1389:7)
        at async startSubtestAfterBootstrap (node:internal/test_runner/harness:387:3),
    expected: undefined,
    operator: 'doesNotThrow',
    diff: 'simple'
  }

test at tests\rex803-alien-review.test.mjs:22:1
✖ REX803 Alien: resume cannot rename the scenario while executing the old campaign (21.9019ms)
  AssertionError [ERR_ASSERTION]: Missing expected exception.
      at TestContext.<anonymous> (file:///D:/Utopia-REX803-Review/tests/rex803-alien-review.test.mjs:27:10)
      at async Test.run (node:internal/test_runner/test:1389:7)
      at async Test.processPendingSubtests (node:internal/test_runner/test:960:7) {
    generatedMessage: false,
    code: 'ERR_ASSERTION',
    actual: undefined,
    operator: 'throws',
    diff: 'simple'
  }

test at tests\rex803-alien-review.test.mjs:32:1
✖ REX803 Alien: a timed-out run keeps its own cleanup scope after the next run begins (124.391ms)
  AssertionError [ERR_ASSERTION]: late cleanup belongs to the timed-out run and fires immediately
  + actual - expected
  
  + []
  - [
  -   'run timed out'
  - ]
  
      at TestContext.<anonymous> (file:///D:/Utopia-REX803-Review/tests/rex803-alien-review.test.mjs:44:10)
      at async Test.run (node:internal/test_runner/test:1389:7)
      at async Test.processPendingSubtests (node:internal/test_runner/test:960:7) {
    generatedMessage: false,
    code: 'ERR_ASSERTION',
    actual: [ 'runner closed' ],
    expected: [ 'run timed out' ],
    operator: 'deepStrictEqual',
    diff: 'simple'
  }
