✔ bounded canonical projection exposes active task, binding and exact event evidence without raw secrets (132.5182ms)
✔ overflow and missing history remain visible; fresh snapshot reflects canonical state, not cached truth (96.443ms)
✔ slow/disconnected observation never gates real canonical task persistence (87.0161ms)
✔ real API claim/report projection follows persisted lifecycle and cannot execute commands (108.6442ms)
✔ stalled HTTP monitor request and broken reader leave independent create/cancel requests working (84.0514ms)
✔ invalid limits cannot create unbounded queries, single flight and unknown populations stay honest (70.2382ms)
✔ deleted historical prefix and tail cannot be reported as complete history (77.7333ms)
✔ Gateway shares outstanding observation and retains stale last view on later source failure (71.052ms)
✔ Alien: completed work does not imply an offline host is holding executable work or current retry/wait (15.5629ms)
✔ Alien: missing coverage metadata cannot yield a calm graph (0.3277ms)
✔ Alien: collapsed normal work stays collapsed in actual rendered overview, with stable visible order (3.0694ms)
✔ Alien: a path preserves observed event provenance and explicitly unknown timing (0.512ms)
✔ Alien: a failure points to its matching transition, not an unrelated later event (0.2061ms)
✔ Alien browser: offline invalidates a delayed monitor response (1510.1968ms)
✔ Alien browser: an old credential response cannot replace the new scope or another page (896.6338ms)
✔ Alien browser: a newer canonical snapshot arriving during a fetch receives a follow-up projection (951.3855ms)
✔ Alien browser: heartbeat-only refresh preserves visible row identity (876.5307ms)
✔ Alien browser: assignment path reaches real canonical event in three interactions (1411.3805ms)
✔ Alien browser: cluster expands, edge filter is reachable and evidence opens exact canonical reference (2228.4448ms)
✔ MON-902 graph: every risk level is one of the declared vocabulary and never a boolean (15.0095ms)
✔ MON-902 graph: a failed task and an offline device holding work are ACTIVE risks that reach the summary (0.9763ms)
✔ MON-902 graph: an offline device with no work assigned is a WATCH, not an incident (0.2197ms)
✔ MON-902 graph: absence of retries is NOT claimed from a truncated event window (0.5143ms)
✔ MON-902 graph: repeated hand-off refusals for one task become one ACTIVE risk with its count (0.4238ms)
✔ MON-902 graph: a task waiting on a device is a WATCH until that device reports ready (0.2223ms)
✔ MON-902 graph: a monitor that cannot see must not look calm (0.3626ms)
✔ MON-902 graph: a path pointing at an absent device is reported as a causality gap (0.296ms)
✔ MON-902 graph: the edge filter removes types from the picture and never invents others (0.2244ms)
✔ MON-902 graph: a large city collapses unremarkable work but never collapses an active risk (1.9908ms)
✔ MON-902 graph: the layout does not reshuffle because an event arrived (0.3575ms)
✔ MON-902 graph: the interaction budget from overview to a risk is stated and small (0.2056ms)
✔ MON-902 graph: owner-required state is reported as observable or explicitly not observable, never as none (0.2163ms)
✔ MON-902 graph: an invalid view is refused rather than projected into a comfortable empty city (0.4378ms)
✔ MON-902 panel: an active risk is visible on the overview without opening anything (3.3832ms)
✔ MON-902 panel: raw projection vocabulary does not render outside the disclosure (15.6393ms)
✔ MON-902 panel: a calm banner is never printed over a city the projection cannot see (0.6931ms)
✔ MON-902 panel: a collapsed cluster still reports the risk it contains (1.8113ms)
✔ MON-902 panel: the node inspector answers what, why, who and what-next, and keeps the exact reference (0.9606ms)
✔ MON-902 panel: a path with no stated cause is shown as unexplained, not as fine (0.714ms)
✔ MON-902 panel: a stale selection says so instead of rendering an empty panel (0.2335ms)
✔ MON-902 panel: ids and labels from the city are escaped in text and attribute positions (0.2736ms)
✔ MON-902 panel: every word the surface uses exists in both locale packs, including every risk code (3.1548ms)
✔ MON-902 panel: the shell exposes the page and fetches the real route (1.4582ms)
✔ MON-902 panel: the page is wired to the real gateway projection route end to end (188.1371ms)
✔ Alien: model OWNER_REQUIRED is an escalation, not auto-resolution (22.2091ms)
✔ Alien: canonical observation cannot enqueue decisions after bounded close (3.384ms)
✔ Alien: retention restart preserves the newest decisions, not UUID lexical order (15.8421ms)
✔ Alien: queue overflow retains canonical evidence and reports failed receipt persistence (1771.3049ms)
✔ Alien: canonical present-but-ineligible target is escalated, not described as recovering offline (16.0012ms)
✔ Alien: a timeout remains measurable when the critic subsequently resolves (31.0299ms)
✔ Alien Gateway: an online ineligible strict target produces an Owner decision with real event evidence (137.9251ms)
✔ Alien browser: polling preserves opened provenance and successful retry clears an old error (1030.5652ms)
✔ Alien browser: unavailable decision persistence is visible even before any write failure (935.7335ms)
✔ Alien browser: frequent City rendering cannot starve bounded decision polling (3607.9963ms)
✔ MON903 route: a canonical failure becomes a decision receipt with canonical provenance, and the task itself is untouched (112.1918ms)
✔ MON903 route: ordinary City activity produces no decisions at all (169.6503ms)
✔ MON903 route: reading is authenticated, asking for a decision is the owner's, and refusals are typed (121.1327ms)
✔ MON903 route: an explicitly submitted owner-boundary trigger is recorded as owner-required and applied by nobody (48.8948ms)
✔ MON903 route: a decision for one task never blocks another task, and the projection carries both (158.1383ms)
✔ MON903 triggers: only the named canonical events enter the decision path, and ordinary reports do not (38.0505ms)
✔ MON903 ladder: a deterministic rule resolves first and the model is never consulted for it (29.4479ms)
✔ MON903 owner boundary: scope, merge, review and owner-candidate triggers escalate WITHOUT any resolver being asked (16.0162ms)
✔ MON903 fallback: a hanging, throwing or free-text resolver becomes a bounded fallback, never an authority (157.0613ms)
✔ MON903 queues: decisions are per-task, parallel across tasks, bounded per task, and never a global barrier (536.5218ms)
✔ MON903 receipts: bounded contract, provenance, measured post-state, and no applied action anywhere (15.7177ms)
✔ MON903 store: an unusable receipt store degrades the overlay and never prevents the City from starting (finding M-1) (13.3591ms)
✔ MON903 store: the City itself starts and serves decisions when the decision store is unusable (finding M-1, City level) (76.8582ms)
✔ MON903 isolation: a reader that throws, a broken receipt file and a failing receipt write cannot break the caller (19.4141ms)
✔ MON903 close: a closed overlay refuses a trigger with its OWN code, not by blaming the trigger (2.3536ms)
✔ MON903 rules: the deterministic layer answers each kind from canonical facts, and invents no default (0.3224ms)
✔ MON903 web: the owner sees the decision the City recorded, its provenance, and that nobody applied it (5813.4046ms)
✔ MON903 web: an enrolled member may read what the City decided, and is told who can ask for one (1322.0921ms)
✔ MON903 sweep L1: the bounded failure log reports that it dropped entries, not just the last 16 (90.9095ms)
✔ MON903 sweep L3: a rejected (queue-full) decision does not publish an unmeasured latency of 0 (17.6496ms)
✔ MON903 sweep L1: metrics() discloses that its rates are computed over a truncated window (74.2323ms)
✔ MON903 sweep L1: the published window says what it is a window OVER (66.785ms)
✔ MON903 sweep positive control: a well-formed decision is still recorded, receipted and measured (77.9614ms)
✔ MON903 sweep L4: the surface renders a decision with NO measured latency as not-measured, not as a number (822.4741ms)
Error: CONTROLLED_OBSERVER_UNAVAILABLE
    at app.observation.refresh (file:///D:/Utopia-MON990/tests/mon990-cross-surface.test.mjs:8:294)
    at Server.<anonymous> (file:///D:/Utopia-MON990/services/dev-gateway/server.mjs:836:49)
    at Server.emit (node:events:509:28)
    at parserOnIncoming (node:_http_server:1282:12)
    at HTTPParser.parserOnHeadersComplete (node:_http_common:125:17)
✔ MON990: decision projection binds canonical City and graph/decision failures do not stop task creation (84.5618ms)
✔ MON990: overview has a working contextual link to advisory decision provenance (1442.8714ms)
✔ locale contract: supported tokens, fallback and first-run detection (1.4463ms)
✔ both language packs cover every message key with matching placeholders (3.8071ms)
✔ every fixed Web UI string is present in the language packs (0.6456ms)
✔ protocol tokens and City Control state names are never translated (7.4232ms)
✔ web assets only use message keys that exist in the packs (2.0968ms)
✔ badge state and display label stay separate in every locale (1.3119ms)
✔ applyTranslations and setLocale update the document without touching storage contracts (0.3571ms)
✔ translation fills placeholders and time formatting follows the locale (17.6505ms)
✔ Web Settings language switch, persistence and protocol stability (real browser) (2301.8519ms)
ℹ tests 89
ℹ suites 0
ℹ pass 89
ℹ fail 0
ℹ cancelled 0
ℹ skipped 0
ℹ todo 0
ℹ duration_ms 27423.5526
