WARNING: The following problems were found when resolving the SDK location:
Where: ANDROID_SDK_ROOT environment variable. Problem: Directory does not exist

> Task :app:checkKotlinGradlePluginConfigurationErrors SKIPPED
> Task :app:preBuild UP-TO-DATE
> Task :app:preDebugBuild UP-TO-DATE
> Task :app:checkDebugAarMetadata UP-TO-DATE
> Task :app:generateDebugResValues UP-TO-DATE
> Task :app:mapDebugSourceSetPaths UP-TO-DATE
> Task :app:generateDebugResources UP-TO-DATE
> Task :app:mergeDebugResources UP-TO-DATE
> Task :app:packageDebugResources UP-TO-DATE
> Task :app:parseDebugLocalResources UP-TO-DATE
> Task :app:createDebugCompatibleScreenManifests UP-TO-DATE
> Task :app:extractDeepLinksDebug UP-TO-DATE
> Task :app:processDebugMainManifest UP-TO-DATE
> Task :app:processDebugManifest UP-TO-DATE
> Task :app:processDebugManifestForPackage UP-TO-DATE
> Task :app:processDebugResources UP-TO-DATE
> Task :app:javaPreCompileDebug UP-TO-DATE
> Task :app:preDebugUnitTestBuild UP-TO-DATE
> Task :app:javaPreCompileDebugUnitTest UP-TO-DATE
> Task :app:compileDebugKotlin
> Task :app:compileDebugJavaWithJavac NO-SOURCE
> Task :app:processDebugJavaRes
> Task :app:bundleDebugClassesToRuntimeJar
> Task :app:bundleDebugClassesToCompileJar
> Task :app:compileDebugUnitTestKotlin
> Task :app:compileDebugUnitTestJavaWithJavac NO-SOURCE
> Task :app:processDebugUnitTestJavaRes UP-TO-DATE

> Task :app:testDebugUnitTest FAILED

MonitorProjectionTest > exactEvidenceAndMissingEvidenceAreDistinct FAILED
    java.lang.IllegalStateException at MonitorProjectionTest.kt:9

MonitorProjectionTest > duplicateAndOversizedNodesAreRefused FAILED
    java.lang.IllegalStateException at MonitorProjectionTest.kt:12

MonitorProjectionTest > wrongCityAuthoritativeAndHiddenRiskAreRefused FAILED
    java.lang.IllegalStateException at MonitorProjectionTest.kt:11

MonitorProjectionTest > collapseKeepsRiskAndExpandsOnlySelectedCluster FAILED
    java.lang.IllegalStateException at MonitorProjectionTest.kt:8

MonitorProjectionTest > decisionIdentityAndAdvisoryTruthAreRequired FAILED
    java.lang.IllegalStateException at MonitorProjectionTest.kt:13

MonitorProjectionTest > missingHealthAndPopulationStayUnknown FAILED
    java.lang.IllegalStateException at MonitorProjectionTest.kt:10

6 tests completed, 6 failed

FAILURE: Build failed with an exception.

* What went wrong:
Execution failed for task ':app:testDebugUnitTest'.
> There were failing tests. See the report at: file:///D:/Utopia-MON990/apps/android/app/build/reports/tests/testDebugUnitTest/index.html

* Try:
> Run with --scan to get full insights.

BUILD FAILED in 5s
22 actionable tasks: 6 executed, 16 up-to-date
