✔ real joined devices retain names, appear beside the host and may register only their own worker (239.0692ms)
✔ two members exchange messages with explicit receipt and sender identity cannot be forged (196.669ms)
✔ member B actually computes a task from A; disabling sharing and revoke prevents further claims (448.3586ms)
✔ new admission cannot take the host or an existing member identity, even with a valid short code (223.5113ms)
✔ an active browser session refresh actually extends expiry while preserving its installation scope (140.6316ms)
✔ joining only demotes the local host, saves its admission name and leaves remote City intact (231.0005ms)
✔ failed pairing and busy local work do not demote or write a new membership (114.97ms)
✔ native production transition retires only local Gateway and its worker, while remote host stays primary (416.7967ms)
✔ selected MEMBER role survives coordinator crash without replacing the original City pointer (5.6344ms)
✔ S1: a peer that cannot be dialled registers over an OUTBOUND socket, and the City names its ref (130.973ms)
✔ S1: admission reuses the City’s OWN credentials - a session ref comes from the registry, and a bad one is refused (120.6562ms)
✔ S3: a real join completes over the pipe - the CITY runs the payload, the owner approves, the claim is spent once (91.2331ms)
✔ S3: without approval the pipe grants nothing - the City is not joined just because a path exists (104.8255ms)
✔ S2/S3: the relay refuses to be an open proxy - no path outside the list, and no widening by method (112.3868ms)
✔ S3: a City refusal travels back as its OWN status, so the surface can say why instead of "unreachable" (75.4563ms)
✔ S2: the dialling peer also SERVES the City - a payload the City PUSHES runs on the City it was dialled to (69.2524ms)
✔ N2: the whole cross-network join runs over the pipe - capability, ask, decision, credential (142.4539ms)
✔ N2: a rejection is reported AS a rejection and never retried; the flow stops there (159.4999ms)
✔ N2: a pipe that answers for ANOTHER City is refused before an ask is created (67.2535ms)
✔ N2: the reach decision sends the same link to navigation and the far network to the pipe (0.2921ms)
✔ S1: a pipe that never stops is rate-limited, and the version check still applies to the handshake (991.0271ms)
ℹ tests 21
ℹ suites 0
ℹ pass 21
ℹ fail 0
ℹ cancelled 0
ℹ skipped 0
ℹ todo 0
ℹ duration_ms 4967.2874
