✔ real joined devices retain names, appear beside the host and may register only their own worker (263.0235ms)
✔ two members exchange messages with explicit receipt and sender identity cannot be forged (229.2587ms)
✔ member B actually computes a task from A; disabling sharing and revoke prevents further claims (451.257ms)
✔ new admission cannot take the host or an existing member identity, even with a valid short code (209.5921ms)
✔ an active browser session refresh actually extends expiry while preserving its installation scope (175.0412ms)
✔ joining only demotes the local host, saves its admission name and leaves remote City intact (245.5083ms)
✔ failed pairing and busy local work do not demote or write a new membership (122.435ms)
✔ native production transition retires only local Gateway and its worker, while remote host stays primary (403.0199ms)
✔ selected MEMBER role survives coordinator crash without replacing the original City pointer (5.2991ms)
✔ JOIN-503 (1)(2): one join enrolls an installation, and a RESTART reconnects with nothing typed (175.8089ms)
✔ JOIN-503 (3): an EXPIRED session is replaced by an internal re-auth, with no user-visible token prompt (129.2198ms)
✔ JOIN-503 (4)(5): REVOKE denies reconnect, and a revoked installation cannot mint new membership (131.625ms)
✔ JOIN-503 (6): a REINSTALL mints new identities and is unbound until an explicit rebind (176.6809ms)
✔ JOIN-503 (7): the secret-exposure sweep - no durable secret in the snapshot, events, records or a URL (115.7119ms)
✔ JOIN-503: a broken or foreign device file is refused rather than half-used (6.6024ms)
✔ JOIN-503 (8): the engineering manual fallback still exists and is not the default path (95.1022ms)
✔ JOIN-503: an invite of either shape is understood, and junk is refused instead of guessed at (0.5392ms)
✔ JOIN-503: enrollment events are emitted on a CLONE, which is the population-level half of detection (88.5925ms)
✔ D-1: an enrolled session may NOT revoke another installation, and the refusal really refuses (212.2691ms)
✔ D-2: a session sees ONLY itself - not the roster, and not the City-wide clone scan (119.1683ms)
✔ D-1/D-2: the owner keeps FULL authority, so the repair did not break the surface it protects (167.4075ms)
✔ D-1/D-2: the two sibling guards the review compared against are still in place (123.426ms)
ℹ tests 22
ℹ suites 0
ℹ pass 22
ℹ fail 0
ℹ cancelled 0
ℹ skipped 0
ℹ todo 0
ℹ duration_ms 4428.1956
