✔ custom City name is canonical across snapshot, pairing, discovery descriptor and restart (157.1421ms)
✔ Settings changes the visible City name and keeps editing stable across snapshots (5232.9007ms)
✔ startup preflight recognizes old absolute Windows paths and refuses duplicate Cities (16.3924ms)
✔ a relative Gateway path with an inconclusive identity probe blocks startup (0.9252ms)
✔ JOIN-502 surface: a nearby City is offered without being trusted, and joining waits for an approval (5643.3904ms)
✔ JOIN-502 surface: a refused browse still offers the fallbacks, and a rejected ask leaves the device untrusted (5537.8661ms)
✔ short code preserves identity pinning, reports lockout, and never sends a code to the wrong City (250.1532ms)
✔ code handoff carries only a selected City, six digits and the existing transport in a fragment (0.5825ms)
✔ locale contract: supported tokens, fallback and first-run detection (1.5701ms)
✔ both language packs cover every message key with matching placeholders (2.141ms)
✔ every fixed Web UI string is present in the language packs (0.487ms)
✔ protocol tokens and City Control state names are never translated (8.4172ms)
✔ web assets only use message keys that exist in the packs (2.2914ms)
✔ badge state and display label stay separate in every locale (1.4769ms)
✔ applyTranslations and setLocale update the document without touching storage contracts (0.4387ms)
✔ translation fills placeholders and time formatting follows the locale (17.9047ms)
✔ Web Settings language switch, persistence and protocol stability (real browser) (2626.8123ms)
ℹ tests 17
ℹ suites 0
ℹ pass 17
ℹ fail 0
ℹ cancelled 0
ℹ skipped 0
ℹ todo 0
ℹ duration_ms 14645.4516
